engine: rlx 0.2.12
  trend tp=0.5% 1h                -98.75%   13568 trades      0.00 bps
  trend tp=1% 1h                  -75.99%    8351 trades      0.00 bps
  trend tp=2% 1h                   16.84%    3674 trades      0.21 bps
  trend tp=3% 1h                   83.52%    2021 trades      1.50 bps
  trend tp=4% 1h                  103.03%    1303 trades      2.72 bps
  trend tp=6% 1h                  184.90%     786 trades      6.66 bps
  trend tp=8% 1h                  284.38%     541 trades     12.44 bps
  trend tp=10% 1h                 364.01%     456 trades     16.83 bps
  fast tp=0.5% 1h                 -99.55%   14622 trades      0.00 bps
  fast tp=1% 1h                   -82.23%    9938 trades      0.00 bps
  fast tp=2% 1h                    57.40%    5993 trades      0.38 bps
  fast tp=3% 1h                   116.20%    4703 trades      0.82 bps
  fast tp=4% 1h                   307.16%    4188 trades      1.68 bps
  fast tp=6% 1h                   545.10%    3784 trades      2.46 bps
  fast tp=8% 1h                   382.72%    3590 trades      2.19 bps
  fast tp=10% 1h                  725.59%    3514 trades      3.00 bps
  slow tp=0.5% 1h                 -98.49%   13849 trades      0.00 bps
  slow tp=1% 1h                   -69.45%    8738 trades      0.00 bps
  slow tp=2% 1h                    36.29%    4155 trades      0.37 bps
  slow tp=3% 1h                   102.45%    2575 trades      1.37 bps
  slow tp=4% 1h                   227.02%    1953 trades      3.03 bps
  slow tp=6% 1h                   412.89%    1503 trades      5.44 bps
  slow tp=8% 1h                   442.85%    1309 trades      6.46 bps
  slow tp=10% 1h                  650.94%    1219 trades      8.27 bps
  narrow tp=0.5% 1h               -98.19%   10685 trades      0.00 bps
  narrow tp=1% 1h                 -90.44%    9725 trades      0.00 bps
  narrow tp=2% 1h                 -53.36%    8923 trades      0.00 bps
  narrow tp=3% 1h                 -63.28%    8640 trades      0.00 bps
  narrow tp=4% 1h                 -63.30%    8533 trades      0.00 bps
  narrow tp=6% 1h                 -54.83%    8459 trades      0.00 bps
  narrow tp=8% 1h                 -50.77%    8440 trades      0.00 bps
  narrow tp=10% 1h                -43.54%    8433 trades      0.00 bps
  trend tp=0.5% 4h                -99.33%    3954 trades      0.00 bps
  trend tp=1% 4h                  -94.62%    3553 trades      0.00 bps
  trend tp=2% 4h                  -50.02%    2235 trades      0.00 bps
  trend tp=3% 4h                    7.36%    1422 trades      0.25 bps
  trend tp=4% 4h                  109.32%     961 trades      3.84 bps
  trend tp=6% 4h                  180.70%     522 trades      9.89 bps
  trend tp=8% 4h                  188.29%     355 trades     14.91 bps
  trend tp=10% 4h                 316.23%     265 trades     26.91 bps
  fast tp=0.5% 4h                 -99.48%    4193 trades      0.00 bps
  fast tp=1% 4h                   -90.96%    3867 trades      0.00 bps
  fast tp=2% 4h                   -29.41%    2628 trades      0.00 bps
  fast tp=3% 4h                   -26.34%    1874 trades      0.00 bps
  fast tp=4% 4h                    49.92%    1493 trades      1.36 bps
  fast tp=6% 4h                    99.33%    1138 trades      3.03 bps
  fast tp=8% 4h                   239.82%     993 trades      6.16 bps
  fast tp=10% 4h                  371.91%     918 trades      8.45 bps
  slow tp=0.5% 4h                 -99.39%    3990 trades      0.00 bps
  slow tp=1% 4h                   -93.24%    3601 trades      0.00 bps
  slow tp=2% 4h                   -15.84%    2286 trades      0.00 bps
  slow tp=3% 4h                   116.03%    1485 trades      2.59 bps
  slow tp=4% 4h                   172.97%    1050 trades      4.78 bps
  slow tp=6% 4h                   334.79%     632 trades     11.63 bps
  slow tp=8% 4h                   378.58%     467 trades     16.76 bps
  slow tp=10% 4h                  577.59%     399 trades     23.98 bps
  narrow tp=0.5% 4h               -96.94%    2770 trades      0.00 bps
  narrow tp=1% 4h                 -78.23%    2741 trades      0.00 bps
  narrow tp=2% 4h                  33.28%    2530 trades      0.57 bps
  narrow tp=3% 4h                 118.15%    2374 trades      1.64 bps
  narrow tp=4% 4h                 227.66%    2286 trades      2.60 bps
  narrow tp=6% 4h                 238.65%    2188 trades      2.79 bps
  narrow tp=8% 4h                 291.65%    2160 trades      3.16 bps
  narrow tp=10% 4h                324.07%    2152 trades      3.36 bps
  trend tp=0.5% 1D                -88.68%     673 trades      0.00 bps
  trend tp=1% 1D                  -92.96%     690 trades      0.00 bps
  trend tp=2% 1D                  -78.68%     691 trades      0.00 bps
  trend tp=3% 1D                  -33.40%     599 trades      0.00 bps
  trend tp=4% 1D                    4.48%     496 trades      0.44 bps
  trend tp=6% 1D                   61.08%     331 trades      7.20 bps
  trend tp=8% 1D                  480.71%     230 trades     38.24 bps
  trend tp=10% 1D                 199.57%     175 trades     31.35 bps
  fast tp=0.5% 1D                 -86.71%     655 trades      0.00 bps
  fast tp=1% 1D                   -88.40%     663 trades      0.00 bps
  fast tp=2% 1D                   -60.72%     678 trades      0.00 bps
  fast tp=3% 1D                     3.44%     601 trades      0.28 bps
  fast tp=4% 1D                    44.11%     506 trades      3.61 bps
  fast tp=6% 1D                   165.08%     383 trades     12.73 bps
  fast tp=8% 1D                   470.00%     303 trades     28.72 bps
  fast tp=10% 1D                  289.49%     252 trades     26.98 bps
  slow tp=0.5% 1D                 -88.29%     680 trades      0.00 bps
  slow tp=1% 1D                   -92.92%     697 trades      0.00 bps
  slow tp=2% 1D                   -72.37%     699 trades      0.00 bps
  slow tp=3% 1D                   -36.20%     600 trades      0.00 bps
  slow tp=4% 1D                    16.93%     492 trades      1.59 bps
  slow tp=6% 1D                    66.08%     327 trades      7.76 bps
  slow tp=8% 1D                   548.36%     236 trades     39.60 bps
  slow tp=10% 1D                  291.71%     175 trades     39.01 bps
  narrow tp=0.5% 1D               -77.47%     472 trades      0.00 bps
  narrow tp=1% 1D                 -80.74%     474 trades      0.00 bps
  narrow tp=2% 1D                 -54.07%     492 trades      0.00 bps
  narrow tp=3% 1D                 -17.65%     482 trades      0.00 bps
  narrow tp=4% 1D                  32.65%     466 trades      3.03 bps
  narrow tp=6% 1D                  55.22%     426 trades      5.16 bps
  narrow tp=8% 1D                  68.62%     410 trades      6.37 bps
  narrow tp=10% 1D                120.88%     399 trades      9.93 bps

96 candidates, 55 with a gross edge, 27 survive 4.404 bps/side
Spearman(return, breakeven) = +0.6120
top-5 by return vs by breakeven: 1 of 5 in common

Ranked in the top by return, dead at real cost:
  fast tp=10% 1h                  725.59% gross, breakeven 3.00 bps
  fast tp=6% 1h                   545.10% gross, breakeven 2.46 bps

written to results/screens.json
